Last login: Sat Apr 14 15:53:32 on ttys003
Vic:~ limanwen$ cd ~/Documents/GitHub/DS1004_clone
Vic:DS1004_clone limanwen$ git push
The authenticity of host 'github.com (192.30.253.112)' can't be established.
RSA key fingerprint is SHA256:nThbg6kXUpJWGl7E1IGOCspRomTxdCARLviKw6E5SY8.
Are you sure you want to continue connecting (yes/no)? yes
Warning: Permanently added 'github.com,192.30.253.112' (RSA) to the list of known hosts.
Permission denied (publickey).
fatal: Could not read from remote repository.

Please make sure you have the correct access rights
and the repository exists.
Vic:DS1004_clone limanwen$ ssh -t manwenli@github.com
Permission denied (publickey).
Vic:DS1004_clone limanwen$ ssh -T git@github.com
Permission denied (publickey).
Vic:DS1004_clone limanwen$ ls -al ~/.ssh
total 8
drwx------    3 limanwen  staff   102 Jan 29 20:23 .
drwxr-xr-x+ 104 limanwen  staff  3536 Apr 14 15:19 ..
-rw-r--r--    1 limanwen  staff  1998 Apr 14 20:53 known_hosts
Vic:DS1004_clone limanwen$ ls
README.md	 ml5885.log
Vic:DS1004_clone limanwen$ git remote set-url origin https://github.com/tianyibi/ds1004.git
Vic:DS1004_clone limanwen$ git pull
remote: Counting objects: 6, done.
remote: Compressing objects: 100% (5/5), done.
remote: Total 6 (delta 0), reused 6 (delta 0), pack-reused 0
Unpacking objects: 100% (6/6), done.
From https://github.com/tianyibi/ds1004
   7cf4f93..1fa02ca  master     -> origin/master
Merge made by the 'recursive' strategy.
 tb1420.log | 21 +++++++++++++++++++++
 1 file changed, 21 insertions(+)
 create mode 100644 tb1420.log
Vic:DS1004_clone limanwen$ ls
README.md	 ml5885.log	tb1420.log
Vic:DS1004_clone limanwen$ git push
Counting objects: 8, done.
Delta compression using up to 4 threads.
Compressing objects: 100% (7/7), done.
Writing objects: 100% (8/8), 977 bytes | 0 bytes/s, done.
Total 8 (delta 1), reused 0 (delta 0)
remote: Resolving deltas: 100% (1/1), done.
To https://github.com/tianyibi/ds1004.git
   1fa02ca..5f2cb12  master -> master
Vic:DS1004_clone limanwen$ git pull
remote: Counting objects: 10, done.
remote: Compressing objects: 100% (7/7), done.
remote: Total 10 (delta 2), reused 10 (delta 2), pack-reused 0
Unpacking objects: 100% (10/10), done.
From https://github.com/tianyibi/ds1004
   5f2cb12..d731a21  master     -> origin/master
Updating 5f2cb12..d731a21
Fast-forward
 ms6771.log | 19 +++++++++++++++++++
 1 file changed, 19 insertions(+)
 create mode 100644 ms6771.log
Vic:DS1004_clone limanwen$ ls
README.md	 ml5885.log	ms6771.log	tb1420.log
Vic:DS1004_clone limanwen$ emacs ml5885.log

ml5885
*   44672a9 fourth merge
|\
| *   4f071b9 second merge
| |\
| * | 34b3c0f branch from test1
* | |   17f8a60 third merge
|\ \ \
| | |/
| |/|
| * |   955f3bb first merge
| |\ \
| | |/
| | * 7d15f32 test2 file added
* | | b639fd2 branch from branch2
|/ /
* | 0f58f09 test1 file added
|/
* d266958 first commit
tb1420
*   f4f4f88 Merge branch 'merge_rollb1'
|\  
| *   4f4f404 Merge branch 'rollb1' into HEAD
| |\  
| | * c69cb32 4th commit (first commit on rollb1).
* | |   40e9e75 Merge branch 'first'
|\ \ \  
| |/ /  
|/| |   
| * | 9499ac0 5th commit (2nd on first).
* | |   1001049 Merge branch 'first'
|\ \ \  
| |/ /  
| | /   
| |/    
|/|     
| * 3ed69b2 3rd commit (1st on first).
* | cd20ee6 2nd commit (2nd on master).
|/  
* 151a92c 1st commit (1st on master).

ms6771
*   7fed1ff merge testing into testing2
|\
| *   d49d0b0 merge master into testing
| |\
| * | 6536eba 4th commit testing
* | |   726bcbb merge master into testing2
|\ \ \
| | |/
| |/|
| * |   c6fa4d2 merge testing into master
| |\ \
| | |/
| | * 6be1e63 3rd commit testing
* | | 05b5bb6 5th commit testing2
|/ /
* | d3749ea 2nd commit master
|/
* 7c641f1 1st commit master
